FFmpeg=n9.0.1 license=LGPL version 2.1 or later configuration=--prefix=/Users/jeremyrunning/Git/agents/Agent-X1-Mac-Player/work/deps/lgpl-ffmpeg --disable-everything --disable-autodetect --enable-shared --disable-static --disable-programs --disable-doc --enable-avcodec --enable-avformat --enable-swscale --enable-swresample --enable-decoder='h264,hevc,aac,pcm_s16le' --enable-parser='h264,hevc,aac' --enable-demuxer='mov,matroska' --enable-protocol=file --enable-hwaccel='h264_videotoolbox,hevc_videotoolbox' --enable-videotoolbox --enable-pthreads
source_clockwise_rotation=0 start_pts=0 time_base=1/15360
Metal bridge: device=Apple M2 Pro format=875704438 planes=2 cache=0 Y=0 UV=0 textures=1
       10.17 real         8.63 user         0.13 sys
           190005248  maximum resident set size
                   0  average shared memory size
                   0  average unshared data size
                   0  average unshared stack size
               12207  page reclaims
                  12  page faults
                   0  swaps
                   0  block input operations
                   0  block output operations
                   0  messages sent
                   0  messages received
                   0  signals received
                   0  voluntary context switches
                2841  involuntary context switches
         39744274888  instructions retired
         30091040045  cycles elapsed
           116458120  peak memory footprint
