install prefix            ${X1_WORKSPACE}/work/deps/lgpl-ffmpeg
source path               .
C compiler                gcc
C library                 
ARCH                      aarch64 (generic)
big-endian                no
runtime cpu detection     yes
NEON enabled              yes
DOTPROD enabled           yes
I8MM enabled              yes
PMULL enabled             yes
EOR3 enabled              yes
SVE enabled               yes
SVE2 enabled              yes
SME enabled               yes
SME-I16I64 enabled        yes
SME2 enabled              yes
debug symbols             yes
strip symbols             yes
optimize for size         no
optimizations             yes
static                    no
shared                    yes
network support           yes
threading support         pthreads
safe bitstream reader     yes
texi2html enabled         no
perl enabled              yes
pod2man enabled           yes
makeinfo enabled          no
makeinfo supports HTML    no
experimental features     yes
xmllint enabled           yes

External libraries:

External libraries providing hardware acceleration:
videotoolbox

Libraries:
avcodec                 avformat                swscale
avdevice                avutil
avfilter                swresample

Programs:

Enabled decoders:
aac                     hevc
h264                    pcm_s16le

Enabled encoders:

Enabled hwaccels:
h264_videotoolbox       hevc_videotoolbox

Enabled parsers:
aac                     h264                    hevc

Enabled demuxers:
matroska                mov

Enabled muxers:

Enabled protocols:
file

Enabled filters:
aformat                 aresample               atempo

Enabled bsfs:

Enabled indevs:

Enabled outdevs:

License: LGPL version 2.1 or later

WARNING: pkg-config not found, library detection may fail.
GEN	libavutil/libavutil.version
GEN	libswscale/libswscale.version
GEN	libswresample/libswresample.version
GEN	libavcodec/libavcodec.version
GEN	libavformat/libavformat.version
GEN	libavfilter/libavfilter.version
GEN	libavdevice/libavdevice.version
CC	libavdevice/alldevices.o
CC	libavdevice/avdevice.o
CC	libavdevice/utils.o
CC	libavdevice/version.o
CC	libavformat/allformats.o
CC	libavformat/av1.o
CC	libavformat/avformat.o
CC	libavformat/avio.o
CC	libavformat/aviobuf.o
CC	libavformat/codecstring.o
CC	libavformat/demux.o
CC	libavformat/demux_utils.o
CC	libavformat/dovi_isom.o
CC	libavformat/dump.o
CC	libavformat/dv.o
CC	libavformat/dvdclut.o
CC	libavformat/file.o
CC	libavformat/flac_picture.o
CC	libavformat/format.o
CC	libavformat/iamf.o
CC	libavformat/iamf_parse.o
CC	libavformat/iamf_reader.o
CC	libavformat/id3v1.o
CC	libavformat/id3v2.o
CC	libavformat/isom.o
CC	libavformat/isom_tags.o
CC	libavformat/lcevc.o
CC	libavformat/matroska.o
CC	libavformat/matroskadec.o
CC	libavformat/metadata.o
CC	libavformat/mov.o
CC	libavformat/mov_chan.o
CC	libavformat/mov_esds.o
CC	libavformat/mux.o
CC	libavformat/mux_utils.o
CC	libavformat/nal.o
CC	libavformat/network.o
CC	libavformat/oggparsevorbis.o
CC	libavformat/options.o
CC	libavformat/os_support.o
CC	libavformat/packet_list.o
CC	libavformat/protocols.o
CC	libavformat/qtpalette.o
CC	libavformat/replaygain.o
CC	libavformat/riff.o
CC	libavformat/riffdec.o
CC	libavformat/rmsipr.o
CC	libavformat/sdp.o
CC	libavformat/seek.o
CC	libavformat/url.o
CC	libavformat/urldecode.o
CC	libavformat/utils.o
CC	libavformat/version.o
CC	libavformat/vorbiscomment.o
CC	libavformat/vpcc.o
CC	libavformat/ac3_channel_layout_tab.o
CC	libavformat/h2645_parse.o
CC	libavformat/lcevctab.o
CC	libavformat/log2_tab.o
CC	libavformat/mpeg4audio_sample_rates.o
CC	libavformat/mpegaudiotabs.o
CC	libavformat/to_upper4.o
CC	libavcodec/aac/aacdec.o
CC	libavcodec/aac/aacdec_ac.o
CC	libavcodec/aac/aacdec_float.o
CC	libavcodec/aac/aacdec_lpd.o
CC	libavcodec/aac/aacdec_tab.o
CC	libavcodec/aac/aacdec_usac.o
CC	libavcodec/aac/aacdec_usac_mps212.o
CC	libavcodec/aac_ac3_parser.o
CC	libavcodec/aac_parser.o
CC	libavcodec/aacps_common.o
libavcodec/aac_ac3_parser.c:99:13: warning: variable 'bit_rate' is used uninitialized whenever 'if' condition is true [-Wsometimes-uninitialized]
   99 |         if (avctx->codec_id != AV_CODEC_ID_AAC) {
      |             ^~~~~~~~~~~~~~~~~~~~~~~~~~~~~~~~~~
libavcodec/aac_ac3_parser.c:167:18: note: uninitialized use occurs here
  167 |                 (bit_rate - avctx->bit_rate) / s->frame_number;
      |                  ^~~~~~~~
libavcodec/aac_ac3_parser.c:99:9: note: remove the 'if' if its condition is always false
   99 |         if (avctx->codec_id != AV_CODEC_ID_AAC) {
      |         ^~~~~~~~~~~~~~~~~~~~~~~~~~~~~~~~~~~~~~~~~
  100 | #if CONFIG_AC3_PARSER
      | ~~~~~~~~~~~~~~~~~~~~~
  101 |             AC3HeaderInfo hdr, *phrd = &hdr;
      |             ~~~~~~~~~~~~~~~~~~~~~~~~~~~~~~~~
  102 |             int offset = ff_ac3_find_syncword(buf, buf_size);
      |             ~~~~~~~~~~~~~~~~~~~~~~~~~~~~~~~~~~~~~~~~~~~~~~~~~
  103 | 
  104 |             if (offset < 0)
      |             ~~~~~~~~~~~~~~~
  105 |                 return i;
      |                 ~~~~~~~~~
  106 | 
  107 |             buf += offset;
      |             ~~~~~~~~~~~~~~
  108 |             buf_size -= offset;
      |             ~~~~~~~~~~~~~~~~~~~
  109 |             while (buf_size > 0) {
      |             ~~~~~~~~~~~~~~~~~~~~~~
  110 |                 int ret = avpriv_ac3_parse_header(&phrd, buf, buf_size);
      |                 ~~~~~~~~~~~~~~~~~~~~~~~~~~~~~~~~~~~~~~~~~~~~~~~~~~~~~~~~
  111 | 
  112 |                 if (ret < 0 || hdr.frame_size > buf_size)
      |                 ~~~~~~~~~~~~~~~~~~~~~~~~~~~~~~~~~~~~~~~~~
  113 |                     return i;
      |                     ~~~~~~~~~
  114 | 
libavcodec/aac_ac3_parser.c:92:21: note: initialize the variable 'bit_rate' to silence this warning
   92 |         int bit_rate;
      |                     ^
      |                      = 0
1 warning generated.
CC	libavcodec/aacps_float.o
CC	libavcodec/aacpsdsp_float.o
CC	libavcodec/aacsbr.o
CC	libavcodec/aactab.o
CC	libavcodec/aarch64/aacpsdsp_init_aarch64.o
AS	libavcodec/aarch64/aacpsdsp_neon.o
CC	libavcodec/aarch64/fdctdsp_init_aarch64.o
AS	libavcodec/aarch64/fdctdsp_neon.o
CC	libavcodec/aarch64/h264chroma_init_aarch64.o
AS	libavcodec/aarch64/h264cmc_neon.o
CC	libavcodec/aarch64/h264dsp_init_aarch64.o
AS	libavcodec/aarch64/h264dsp_neon.o
AS	libavcodec/aarch64/h264idct_neon.o
CC	libavcodec/aarch64/h264pred_init.o
AS	libavcodec/aarch64/h264pred_neon.o
CC	libavcodec/aarch64/h264qpel_init_aarch64.o
AS	libavcodec/aarch64/h264qpel_neon.o
AS	libavcodec/aarch64/h26x/epel_neon.o
AS	libavcodec/aarch64/h26x/qpel_neon.o
AS	libavcodec/aarch64/h26x/sao_neon.o
AS	libavcodec/aarch64/hevcdsp_deblock_neon.o
AS	libavcodec/aarch64/hevcdsp_dequant_neon.o
AS	libavcodec/aarch64/hevcdsp_idct_neon.o
CC	libavcodec/aarch64/hevcdsp_init_aarch64.o
CC	libavcodec/aarch64/hevcpred_init_aarch64.o
AS	libavcodec/aarch64/hevcpred_neon.o
AS	libavcodec/aarch64/hpeldsp_neon.o
CC	libavcodec/aarch64/idctdsp_init_aarch64.o
AS	libavcodec/aarch64/idctdsp_neon.o
CC	libavcodec/aarch64/me_cmp_init_aarch64.o
AS	libavcodec/aarch64/me_cmp_neon.o
CC	libavcodec/aarch64/sbrdsp_init_aarch64.o
AS	libavcodec/aarch64/sbrdsp_neon.o
AS	libavcodec/aarch64/simple_idct_neon.o
AS	libavcodec/aarch64/videodsp.o
CC	libavcodec/aarch64/videodsp_init.o
CC	libavcodec/ac3_parser.o
CC	libavcodec/adts_header.o
CC	libavcodec/adts_parser.o
CC	libavcodec/allcodecs.o
CC	libavcodec/aom_film_grain.o
CC	libavcodec/atsc_a53.o
CC	libavcodec/avcodec.o
CC	libavcodec/avdct.o
CC	libavcodec/bitstream.o
CC	libavcodec/bitstream_filters.o
CC	libavcodec/bsf.o
CC	libavcodec/bswapdsp.o
CC	libavcodec/cabac.o
CC	libavcodec/cbrt_data.o
CC	libavcodec/cbrt_tablegen_common.o
CC	libavcodec/codec_desc.o
CC	libavcodec/codec_par.o
CC	libavcodec/d3d11va.o
CC	libavcodec/decode.o
CC	libavcodec/dirac.o
CC	libavcodec/dovi_rpu.o
CC	libavcodec/dovi_rpudec.o
CC	libavcodec/dv_profile.o
CC	libavcodec/dynamic_hdr_vivid.o
CC	libavcodec/encode.o
CC	libavcodec/error_resilience.o
CC	libavcodec/exif.o
CC	libavcodec/faandct.o
CC	libavcodec/faanidct.o
CC	libavcodec/fdctdsp.o
CC	libavcodec/get_buffer.o
CC	libavcodec/golomb.o
CC	libavcodec/h2645_parse.o
CC	libavcodec/h2645_sei.o
CC	libavcodec/h2645_vui.o
CC	libavcodec/h2645data.o
CC	libavcodec/h264_cabac.o
CC	libavcodec/h264_cavlc.o
CC	libavcodec/h264_direct.o
CC	libavcodec/h264_loopfilter.o
CC	libavcodec/h264_mb.o
CC	libavcodec/h264_parse.o
CC	libavcodec/h264_parser.o
CC	libavcodec/h264_picture.o
CC	libavcodec/h264_ps.o
CC	libavcodec/h264_refs.o
CC	libavcodec/h264_sei.o
CC	libavcodec/h264_slice.o
CC	libavcodec/h264chroma.o
CC	libavcodec/h264data.o
CC	libavcodec/h264dec.o
CC	libavcodec/h264dsp.o
CC	libavcodec/h264idct.o
CC	libavcodec/h264pred.o
CC	libavcodec/h264qpel.o
CC	libavcodec/h274.o
CC	libavcodec/hevc/cabac.o
CC	libavcodec/hevc/data.o
CC	libavcodec/hevc/dsp.o
CC	libavcodec/hevc/filter.o
CC	libavcodec/hevc/hevcdec.o
CC	libavcodec/hevc/mvs.o
CC	libavcodec/hevc/parse.o
CC	libavcodec/hevc/parser.o
CC	libavcodec/hevc/pred.o
CC	libavcodec/hevc/ps.o
CC	libavcodec/hevc/refs.o
CC	libavcodec/hevc/sei.o
CC	libavcodec/idctdsp.o
CC	libavcodec/imgconvert.o
CC	libavcodec/itut35.o
CC	libavcodec/jfdctfst.o
CC	libavcodec/jfdctint.o
CC	libavcodec/jni.o
CC	libavcodec/jrevdct.o
CC	libavcodec/kbdwin.o
CC	libavcodec/mathtables.o
CC	libavcodec/me_cmp.o
CC	libavcodec/mediacodec.o
CC	libavcodec/mpeg12framerate.o
CC	libavcodec/mpeg4audio.o
CC	libavcodec/mpeg4audio_sample_rates.o
CC	libavcodec/options.o
CC	libavcodec/packet.o
CC	libavcodec/parser.o
CC	libavcodec/parsers.o
CC	libavcodec/pcm.o
CC	libavcodec/profiles.o
CC	libavcodec/pthread.o
CC	libavcodec/pthread_frame.o
CC	libavcodec/pthread_slice.o
CC	libavcodec/qsv_api.o
CC	libavcodec/raw.o
CC	libavcodec/sbrdsp.o
CC	libavcodec/simple_idct.o
CC	libavcodec/sinewin.o
CC	libavcodec/startcode.o
CC	libavcodec/threadprogress.o
CC	libavcodec/tiff_common.o
CC	libavcodec/utils.o
CC	libavcodec/version.o
CC	libavcodec/videodsp.o
CC	libavcodec/videotoolbox.o
CC	libavcodec/vlc.o
CC	libavcodec/vorbis_parser.o
CC	libavcodec/xiph.o
CC	libavcodec/log2_tab.o
CC	libavcodec/float_scalarproduct.o
CC	libavcodec/reverse.o
CC	libavcodec/timecode_internal.o
CC	libavutil/aarch64/cpu.o
AS	libavutil/aarch64/cpu_sme.o
AS	libavutil/aarch64/cpu_sve.o
AS	libavutil/aarch64/crc.o
CC	libavutil/aarch64/float_dsp_init.o
AS	libavutil/aarch64/float_dsp_neon.o
CC	libavutil/aarch64/tx_float_init.o
AS	libavutil/aarch64/tx_float_neon.o
CC	libavutil/adler32.o
CC	libavutil/aes_ctr.o
CC	libavutil/aes.o
CC	libavutil/ambient_viewing_environment.o
CC	libavutil/audio_fifo.o
CC	libavutil/avsscanf.o
CC	libavutil/avstring.o
CC	libavutil/base64.o
CC	libavutil/blowfish.o
CC	libavutil/bprint.o
CC	libavutil/buffer.o
CC	libavutil/camellia.o
CC	libavutil/cast5.o
CC	libavutil/channel_layout.o
CC	libavutil/container_fifo.o
CC	libavutil/cpu.o
CC	libavutil/crc.o
CC	libavutil/csp.o
CC	libavutil/des.o
CC	libavutil/detection_bbox.o
CC	libavutil/dict.o
CC	libavutil/display.o
CC	libavutil/dovi_meta.o
CC	libavutil/downmix_info.o
CC	libavutil/encryption_info.o
CC	libavutil/error.o
CC	libavutil/eval.o
CC	libavutil/executor.o
CC	libavutil/fifo.o
CC	libavutil/file.o
CC	libavutil/file_open.o
CC	libavutil/film_grain_params.o
CC	libavutil/fixed_dsp.o
CC	libavutil/float_dsp.o
CC	libavutil/float_scalarproduct.o
CC	libavutil/frame.o
CC	libavutil/hash.o
CC	libavutil/hdr_dynamic_metadata.o
CC	libavutil/hdr_dynamic_vivid_metadata.o
CC	libavutil/hmac.o
CC	libavutil/hwcontext.o
CC	libavutil/hwcontext_stub.o
CC	libavutil/hwcontext_videotoolbox.o
CC	libavutil/iamf.o
CC	libavutil/imgutils.o
CC	libavutil/integer.o
CC	libavutil/intmath.o
CC	libavutil/lfg.o
CC	libavutil/lls.o
CC	libavutil/log.o
CC	libavutil/log2_tab.o
CC	libavutil/lzo.o
CC	libavutil/mastering_display_metadata.o
CC	libavutil/mathematics.o
CC	libavutil/md5.o
CC	libavutil/mem.o
CC	libavutil/murmur3.o
CC	libavutil/opt.o
CC	libavutil/parseutils.o
CC	libavutil/pixdesc.o
CC	libavutil/pixelutils.o
CC	libavutil/random_seed.o
CC	libavutil/rational.o
CC	libavutil/raw_color_params.o
CC	libavutil/rc4.o
CC	libavutil/refstruct.o
CC	libavutil/reverse.o
CC	libavutil/ripemd.o
CC	libavutil/samplefmt.o
CC	libavutil/sha.o
CC	libavutil/sha512.o
CC	libavutil/side_data.o
CC	libavutil/slicethread.o
CC	libavutil/spherical.o
CC	libavutil/stereo3d.o
CC	libavutil/tdrdi.o
CC	libavutil/tea.o
CC	libavutil/threadmessage.o
CC	libavutil/time.o
CC	libavutil/timecode.o
CC	libavutil/timecode_internal.o
CC	libavutil/timestamp.o
CC	libavutil/tree.o
CC	libavutil/twofish.o
CC	libavutil/tx.o
CC	libavutil/tx_double.o
CC	libavutil/tx_float.o
CC	libavutil/tx_int32.o
CC	libavutil/utils.o
CC	libavutil/uuid.o
CC	libavutil/version.o
CC	libavutil/video_enc_params.o
CC	libavutil/video_hint.o
CC	libavutil/xga_font_data.o
CC	libavutil/xtea.o
GEN	libavdevice/libavdevice.pc
CC	libavfilter/af_aformat.o
CC	libavfilter/af_aresample.o
CC	libavfilter/af_atempo.o
CC	libavfilter/allfilters.o
CC	libavfilter/audio.o
CC	libavfilter/avfilter.o
CC	libavfilter/avfiltergraph.o
CC	libavfilter/buffersink.o
CC	libavfilter/buffersrc.o
CC	libavfilter/ccfifo.o
CC	libavfilter/colorspace.o
CC	libavfilter/drawutils.o
CC	libavfilter/formats.o
CC	libavfilter/framepool.o
CC	libavfilter/framequeue.o
CC	libavfilter/graphdump.o
CC	libavfilter/graphparser.o
CC	libavfilter/pthread.o
CC	libavfilter/version.o
CC	libavfilter/video.o
CC	libavfilter/log2_tab.o
CC	libswresample/aarch64/audio_convert_init.o
AS	libswresample/aarch64/audio_convert_neon.o
AS	libswresample/aarch64/resample.o
CC	libswresample/aarch64/resample_init.o
CC	libswresample/audioconvert.o
CC	libswresample/dither.o
CC	libswresample/options.o
CC	libswresample/rematrix.o
CC	libswresample/resample.o
CC	libswresample/resample_dsp.o
CC	libswresample/swresample.o
CC	libswresample/swresample_frame.o
CC	libswresample/version.o
CC	libswresample/log2_tab.o
GEN	libavfilter/libavfilter.pc
GEN	libavformat/libavformat.pc
GEN	libavcodec/libavcodec.pc
GEN	libswresample/libswresample.pc
AS	libswscale/aarch64/hscale.o
AS	libswscale/aarch64/input.o
CC	libswscale/aarch64/ops.o
HOSTCC	libswscale/aarch64/ops_asmgen.o
AS	libswscale/aarch64/output.o
AS	libswscale/aarch64/range_convert_neon.o
CC	libswscale/aarch64/rgb2rgb.o
AS	libswscale/aarch64/rgb2rgb_neon.o
CC	libswscale/aarch64/swscale.o
CC	libswscale/aarch64/swscale_unscaled.o
AS	libswscale/aarch64/swscale_unscaled_neon.o
AS	libswscale/aarch64/xyz2rgb_neon.o
AS	libswscale/aarch64/yuv2rgb_neon.o
CC	libswscale/alphablend.o
CC	libswscale/cms.o
CC	libswscale/csputils.o
CC	libswscale/filters.o
CC	libswscale/format.o
CC	libswscale/framepool.o
CC	libswscale/gamma.o
CC	libswscale/graph.o
CC	libswscale/hscale.o
CC	libswscale/hscale_fast_bilinear.o
CC	libswscale/input.o
CC	libswscale/lut3d.o
CC	libswscale/ops.o
CC	libswscale/ops_chain.o
CC	libswscale/ops_dispatch.o
CC	libswscale/ops_memcpy.o
CC	libswscale/ops_optimizer.o
CC	libswscale/options.o
CC	libswscale/output.o
CC	libswscale/rational64.o
CC	libswscale/rgb2rgb.o
CC	libswscale/slice.o
CC	libswscale/swscale.o
CC	libswscale/swscale_unscaled.o
CC	libswscale/uops.o
CC	libswscale/uops_backend.o
CC	libswscale/utils.o
CC	libswscale/version.o
CC	libswscale/vscale.o
CC	libswscale/yuv2rgb.o
CC	libswscale/half2float.o
CC	libswscale/log2_tab.o
GEN	libswscale/libswscale.pc
GEN	libavutil/libavutil.pc
GEN	libavdevice/libavdevice.ver
GEN	libavformat/libavformat.ver
GEN	libavutil/libavutil.ver
GEN	libavcodec/libavcodec.ver
GEN	libavfilter/libavfilter.ver
GEN	libswresample/libswresample.ver
HOSTLD	libswscale/aarch64/ops_asmgen
LD	libavutil/libavutil.61.dylib
ld: warning: -single_module is obsolete
GEN	libswscale/aarch64/ops_lookup.gen.c
GEN	libswscale/aarch64/ops_neon.gen.S
LD	libavcodec/libavcodec.63.dylib
ld: warning: -single_module is obsolete
LD	libswresample/libswresample.7.dylib
ld: warning: -single_module is obsolete
LD	libavformat/libavformat.63.dylib
ld: warning: -single_module is obsolete
LD	libavfilter/libavfilter.12.dylib
LD	libavdevice/libavdevice.63.dylib
ld: warning: -single_module is obsolete
ld: warning: -single_module is obsolete
CP	libswscale/aarch64/ops_lookup.gen.c
CP	libswscale/aarch64/ops_neon.gen.S
CC	libswscale/aarch64/ops_lookup.gen.o
AS	libswscale/aarch64/ops_neon.gen.o
GEN	libswscale/libswscale.ver
LD	libswscale/libswscale.10.dylib
ld: warning: -single_module is obsolete
INSTALL	doc/examples/avio_http_serve_files.c
INSTALL	doc/examples/avio_list_dir.c
INSTALL	doc/examples/avio_read_callback.c
INSTALL	doc/examples/decode_audio.c
INSTALL	doc/examples/decode_filter_audio.c
INSTALL	doc/examples/decode_filter_video.c
INSTALL	doc/examples/decode_video.c
INSTALL	doc/examples/demux_decode.c
INSTALL	doc/examples/encode_audio.c
INSTALL	doc/examples/encode_video.c
INSTALL	doc/examples/extract_mvs.c
INSTALL	doc/examples/filter_audio.c
INSTALL	doc/examples/hw_decode.c
INSTALL	doc/examples/mux.c
INSTALL	doc/examples/qsv_decode.c
INSTALL	doc/examples/qsv_transcode.c
INSTALL	doc/examples/remux.c
INSTALL	doc/examples/resample_audio.c
INSTALL	doc/examples/scale_video.c
INSTALL	doc/examples/show_metadata.c
INSTALL	doc/examples/transcode.c
INSTALL	doc/examples/transcode_aac.c
INSTALL	doc/examples/vaapi_encode.c
INSTALL	doc/examples/vaapi_transcode.c
INSTALL	doc/examples/README
INSTALL	doc/examples/Makefile
INSTALL	doc/examples/avio_http_serve_files.c
INSTALL	doc/examples/avio_list_dir.c
INSTALL	doc/examples/avio_read_callback.c
INSTALL	doc/examples/decode_audio.c
INSTALL	doc/examples/decode_filter_audio.c
INSTALL	doc/examples/decode_filter_video.c
INSTALL	doc/examples/decode_video.c
INSTALL	doc/examples/demux_decode.c
INSTALL	doc/examples/encode_audio.c
INSTALL	doc/examples/encode_video.c
INSTALL	doc/examples/extract_mvs.c
INSTALL	doc/examples/filter_audio.c
INSTALL	doc/examples/hw_decode.c
INSTALL	doc/examples/mux.c
INSTALL	doc/examples/qsv_decode.c
INSTALL	doc/examples/qsv_transcode.c
INSTALL	doc/examples/remux.c
INSTALL	doc/examples/resample_audio.c
INSTALL	doc/examples/scale_video.c
INSTALL	doc/examples/show_metadata.c
INSTALL	doc/examples/transcode.c
INSTALL	doc/examples/transcode_aac.c
INSTALL	doc/examples/vaapi_encode.c
INSTALL	doc/examples/vaapi_transcode.c
INSTALL	doc/examples/README
INSTALL	doc/examples/Makefile
INSTALL	libavdevice/libavdevice.dylib
STRIP	install-libavdevice-shared
INSTALL	libavfilter/libavfilter.dylib
STRIP	install-libavfilter-shared
INSTALL	libavformat/libavformat.dylib
STRIP	install-libavformat-shared
INSTALL	libavcodec/libavcodec.dylib
STRIP	install-libavcodec-shared
INSTALL	libswresample/libswresample.dylib
STRIP	install-libswresample-shared
INSTALL	libswscale/libswscale.dylib
STRIP	install-libswscale-shared
INSTALL	libavutil/libavutil.dylib
STRIP	install-libavutil-shared
INSTALL	libavdevice/avdevice.h
INSTALL	libavdevice/version.h
INSTALL	libavdevice/version_major.h
INSTALL	libavdevice/libavdevice.pc
INSTALL	libavfilter/avfilter.h
INSTALL	libavfilter/buffersink.h
INSTALL	libavfilter/buffersrc.h
INSTALL	libavfilter/version.h
INSTALL	libavfilter/version_major.h
INSTALL	libavfilter/libavfilter.pc
INSTALL	libavformat/avformat.h
INSTALL	libavformat/avio.h
INSTALL	libavformat/version.h
INSTALL	libavformat/version_major.h
INSTALL	libavformat/libavformat.pc
INSTALL	libavcodec/ac3_parser.h
INSTALL	libavcodec/adts_parser.h
INSTALL	libavcodec/avcodec.h
INSTALL	libavcodec/avdct.h
INSTALL	libavcodec/bsf.h
INSTALL	libavcodec/codec.h
INSTALL	libavcodec/codec_desc.h
INSTALL	libavcodec/codec_id.h
INSTALL	libavcodec/codec_par.h
INSTALL	libavcodec/d3d11va.h
INSTALL	libavcodec/defs.h
INSTALL	libavcodec/dirac.h
INSTALL	libavcodec/dv_profile.h
INSTALL	libavcodec/dxva2.h
INSTALL	libavcodec/exif.h
INSTALL	libavcodec/jni.h
INSTALL	libavcodec/mediacodec.h
INSTALL	libavcodec/packet.h
INSTALL	libavcodec/qsv.h
INSTALL	libavcodec/smpte_436m.h
INSTALL	libavcodec/vdpau.h
INSTALL	libavcodec/version.h
INSTALL	libavcodec/version_major.h
INSTALL	libavcodec/videotoolbox.h
INSTALL	libavcodec/vorbis_parser.h
INSTALL	libavcodec/libavcodec.pc
INSTALL	libswresample/swresample.h
INSTALL	libswresample/version.h
INSTALL	libswresample/version_major.h
INSTALL	libswresample/libswresample.pc
INSTALL	libswscale/swscale.h
INSTALL	libswscale/version.h
INSTALL	libswscale/version_major.h
INSTALL	libswscale/libswscale.pc
INSTALL	libavutil/adler32.h
INSTALL	libavutil/aes.h
INSTALL	libavutil/aes_ctr.h
INSTALL	libavutil/ambient_viewing_environment.h
INSTALL	libavutil/attributes.h
INSTALL	libavutil/audio_fifo.h
INSTALL	libavutil/avassert.h
INSTALL	libavutil/avstring.h
INSTALL	libavutil/avutil.h
INSTALL	libavutil/base64.h
INSTALL	libavutil/blowfish.h
INSTALL	libavutil/bprint.h
INSTALL	libavutil/bswap.h
INSTALL	libavutil/buffer.h
INSTALL	libavutil/cast5.h
INSTALL	libavutil/camellia.h
INSTALL	libavutil/channel_layout.h
INSTALL	libavutil/common.h
INSTALL	libavutil/container_fifo.h
INSTALL	libavutil/cpu.h
INSTALL	libavutil/crc.h
INSTALL	libavutil/csp.h
INSTALL	libavutil/des.h
INSTALL	libavutil/detection_bbox.h
INSTALL	libavutil/dict.h
INSTALL	libavutil/display.h
INSTALL	libavutil/dovi_meta.h
INSTALL	libavutil/downmix_info.h
INSTALL	libavutil/encryption_info.h
INSTALL	libavutil/error.h
INSTALL	libavutil/eval.h
INSTALL	libavutil/executor.h
INSTALL	libavutil/fifo.h
INSTALL	libavutil/file.h
INSTALL	libavutil/film_grain_params.h
INSTALL	libavutil/frame.h
INSTALL	libavutil/hash.h
INSTALL	libavutil/hdr_dynamic_metadata.h
INSTALL	libavutil/hdr_dynamic_vivid_metadata.h
INSTALL	libavutil/hmac.h
INSTALL	libavutil/hwcontext.h
INSTALL	libavutil/hwcontext_cuda.h
INSTALL	libavutil/hwcontext_d3d11va.h
INSTALL	libavutil/hwcontext_d3d12va.h
INSTALL	libavutil/hwcontext_drm.h
INSTALL	libavutil/hwcontext_dxva2.h
INSTALL	libavutil/hwcontext_amf.h
INSTALL	libavutil/hwcontext_qsv.h
INSTALL	libavutil/hwcontext_mediacodec.h
INSTALL	libavutil/hwcontext_opencl.h
INSTALL	libavutil/hwcontext_oh.h
INSTALL	libavutil/hwcontext_vaapi.h
INSTALL	libavutil/hwcontext_videotoolbox.h
INSTALL	libavutil/hwcontext_vdpau.h
INSTALL	libavutil/hwcontext_vulkan.h
INSTALL	libavutil/iamf.h
INSTALL	libavutil/imgutils.h
INSTALL	libavutil/intfloat.h
INSTALL	libavutil/intreadwrite.h
INSTALL	libavutil/lfg.h
INSTALL	libavutil/log.h
INSTALL	libavutil/lzo.h
INSTALL	libavutil/macros.h
INSTALL	libavutil/mathematics.h
INSTALL	libavutil/mastering_display_metadata.h
INSTALL	libavutil/md5.h
INSTALL	libavutil/mem.h
INSTALL	libavutil/motion_vector.h
INSTALL	libavutil/murmur3.h
INSTALL	libavutil/opt.h
INSTALL	libavutil/parseutils.h
INSTALL	libavutil/pixdesc.h
INSTALL	libavutil/pixelutils.h
INSTALL	libavutil/pixfmt.h
INSTALL	libavutil/random_seed.h
INSTALL	libavutil/raw_color_params.h
INSTALL	libavutil/rc4.h
INSTALL	libavutil/rational.h
INSTALL	libavutil/refstruct.h
INSTALL	libavutil/replaygain.h
INSTALL	libavutil/ripemd.h
INSTALL	libavutil/samplefmt.h
INSTALL	libavutil/sha.h
INSTALL	libavutil/sha512.h
INSTALL	libavutil/spherical.h
INSTALL	libavutil/stereo3d.h
INSTALL	libavutil/tdrdi.h
INSTALL	libavutil/threadmessage.h
INSTALL	libavutil/time.h
INSTALL	libavutil/timecode.h
INSTALL	libavutil/timestamp.h
INSTALL	libavutil/tree.h
INSTALL	libavutil/twofish.h
INSTALL	libavutil/uuid.h
INSTALL	libavutil/version.h
INSTALL	libavutil/video_enc_params.h
INSTALL	libavutil/xtea.h
INSTALL	libavutil/tea.h
INSTALL	libavutil/tx.h
INSTALL	libavutil/video_hint.h
INSTALL	libavutil/avconfig.h
INSTALL	libavutil/ffversion.h
INSTALL	libavutil/libavutil.pc
